[2026-05-16 17:56:39] [32minfo[39m: Available videos:
pal pal
[2026-05-16 17:56:39] [32minfo[39m: Loaded 11 commands
[2026-05-16 17:56:39] [32minfo[39m: Local API Server is running on http://127.0.0.1:8080
[2026-05-16 17:56:41] [32minfo[39m: horneysaraiki is ready
[2026-05-16 17:57:14] [32minfo[39m: Added to queue: pal pal mp4.mp4 (requested by API, resolved: true)
[2026-05-16 17:57:14] [32minfo[39m: API Action Success: Added to queue: `pal pal mp4.mp4`
[2026-05-16 17:57:14] [32minfo[39m: Playing from queue: pal pal mp4.mp4 (https://www.youtube.com/watch?v=_aPoGWt-Esg)
[2026-05-16 17:57:18] [32minfo[39m: Downloading pal pal mp4.mp4...
[2026-05-16 17:57:34] [32minfo[39m: Finished downloading pal pal mp4.mp4
[2026-05-16 17:57:38] [32minfo[39m: API Playing: pal pal mp4.mp4
[2026-05-16 17:58:10] [32minfo[39m: Added to queue: pal pal mp4.mp4 (requested by API, resolved: true)
[2026-05-16 17:58:10] [32minfo[39m: API Action Success: Added to queue: `pal pal mp4.mp4`
[2026-05-16 17:58:28] [32minfo[39m: Queue cleared
[2026-05-16 17:58:28] [32minfo[39m: Queue cleared by stop command
[2026-05-16 17:58:28] [32minfo[39m: Failed playing: pal pal mp4.mp4
[2026-05-16 18:00:06] [32minfo[39m: Available videos:
pal pal
[2026-05-16 18:00:06] [32minfo[39m: Loaded 11 commands
[2026-05-16 18:00:06] [32minfo[39m: Local API Server is running on http://127.0.0.1:8080
[2026-05-16 18:00:08] [32minfo[39m: horneysaraiki is ready
[2026-05-16 18:00:22] [32minfo[39m: Added to queue: pal pal mp4.mp4 (requested by API, resolved: true)
[2026-05-16 18:00:22] [32minfo[39m: API Action Success: Added to queue: `pal pal mp4.mp4`
[2026-05-16 18:00:22] [32minfo[39m: Playing from queue: pal pal mp4.mp4 (https://www.youtube.com/watch?v=_aPoGWt-Esg)
[2026-05-16 18:00:26] [32minfo[39m: Downloading pal pal mp4.mp4...
[2026-05-16 18:00:36] [32minfo[39m: Added to queue: pal pal mp4.mp4 (requested by API, resolved: true)
[2026-05-16 18:00:36] [32minfo[39m: API Action Success: Added to queue: `pal pal mp4.mp4`
[2026-05-16 18:00:36] [32minfo[39m: Playing from queue: pal pal mp4.mp4 (https://www.youtube.com/watch?v=_aPoGWt-Esg)
[2026-05-16 18:00:41] [32minfo[39m: Downloading pal pal mp4.mp4...
[2026-05-16 18:00:41] [32minfo[39m: Finished downloading pal pal mp4.mp4
[2026-05-16 18:00:45] [32minfo[39m: API Playing: pal pal mp4.mp4
[2026-05-16 18:00:56] [32minfo[39m: Finished downloading pal pal mp4.mp4
[2026-05-16 18:00:58] [32minfo[39m: API Playing: pal pal mp4.mp4
[2026-05-16 18:01:30] [32minfo[39m: Stopped playing video and cleared queue.
[2026-05-16 18:01:30] [32minfo[39m: Queue cleared
[2026-05-16 18:01:30] [32minfo[39m: Queue cleared by stop command
[2026-05-16 18:02:31] [32minfo[39m: Added to queue: John Wick 2014   Official Trailer   Keanu Reeves {Hindi-English} 1080p  BluRay (requested by API, resolved: true)
[2026-05-16 18:02:31] [32minfo[39m: API Action Success: Added to queue: `John Wick 2014   Official Trailer   Keanu Reeves {Hindi-English} 1080p  BluRay`
[2026-05-16 18:02:31] [32minfo[39m: Playing from queue: John Wick 2014   Official Trailer   Keanu Reeves {Hindi-English} 1080p  BluRay (https://www.youtube.com/watch?v=V6F61VtbVKo)
[2026-05-16 18:02:36] [32minfo[39m: Downloading John Wick 2014   Official Trailer   Keanu Reeves {Hindi-English} 1080p  BluRay...
[2026-05-16 18:02:56] [32minfo[39m: Finished downloading John Wick 2014   Official Trailer   Keanu Reeves {Hindi-English} 1080p  BluRay
[2026-05-16 18:03:00] [32minfo[39m: API Playing: John Wick 2014   Official Trailer   Keanu Reeves {Hindi-English} 1080p  BluRay
[2026-05-16 18:03:40] [32minfo[39m: Queue cleared
[2026-05-16 18:03:40] [32minfo[39m: Queue cleared by stop command
[2026-05-16 18:03:40] [32minfo[39m: Failed playing: John Wick 2014   Official Trailer   Keanu Reeves {Hindi-English} 1080p  BluRay
[2026-05-16 18:03:47] [32minfo[39m: Added to queue: John Wick 2014   Official Trailer   Keanu Reeves {Hindi-English} 1080p  BluRay (requested by API, resolved: true)
[2026-05-16 18:03:47] [32minfo[39m: API Action Success: Added to queue: `John Wick 2014   Official Trailer   Keanu Reeves {Hindi-English} 1080p  BluRay`
[2026-05-16 18:03:47] [32minfo[39m: Playing from queue: John Wick 2014   Official Trailer   Keanu Reeves {Hindi-English} 1080p  BluRay (https://www.youtube.com/watch?v=V6F61VtbVKo)
[2026-05-16 18:03:52] [32minfo[39m: Downloading John Wick 2014   Official Trailer   Keanu Reeves {Hindi-English} 1080p  BluRay...
[2026-05-16 18:04:05] [32minfo[39m: Finished downloading John Wick 2014   Official Trailer   Keanu Reeves {Hindi-English} 1080p  BluRay
[2026-05-16 18:04:09] [32minfo[39m: API Playing: John Wick 2014   Official Trailer   Keanu Reeves {Hindi-English} 1080p  BluRay
[2026-05-16 18:04:33] [32minfo[39m: Queue cleared
[2026-05-16 18:04:33] [32minfo[39m: Queue cleared by stop command
[2026-05-16 18:04:33] [32minfo[39m: Failed playing: John Wick 2014   Official Trailer   Keanu Reeves {Hindi-English} 1080p  BluRay
[2026-05-16 18:05:47] [32minfo[39m: Added to queue: JALWA_-_CARRYMINATI_X_WILY_FRENZY (requested by .subhan.exe, resolved: true)
[2026-05-16 18:05:49] [32minfo[39m: Playing from queue: JALWA_-_CARRYMINATI_X_WILY_FRENZY (videos\JALWA_-_CARRYMINATI_X_WILY_FRENZY.mkv)
[2026-05-16 18:05:59] [32minfo[39m: Finished playing: pal pal mp4.mp4
[2026-05-16 18:05:59] [32minfo[39m: API Finished playing
[2026-05-16 18:05:59] [32minfo[39m: No more items in queue, playback stopped
[2026-05-16 18:05:59] [32minfo[39m: Failed playing: JALWA_-_CARRYMINATI_X_WILY_FRENZY
[2026-05-16 18:06:19] [32minfo[39m: Added to queue: JALWA_-_CARRYMINATI_X_WILY_FRENZY (requested by .subhan.exe, resolved: true)
[2026-05-16 18:06:20] [32minfo[39m: Playing from queue: JALWA_-_CARRYMINATI_X_WILY_FRENZY (videos\JALWA_-_CARRYMINATI_X_WILY_FRENZY.mkv)
[2026-05-16 18:09:56] [32minfo[39m: Finished playing: JALWA_-_CARRYMINATI_X_WILY_FRENZY
[2026-05-16 18:09:57] [32minfo[39m: No more items in queue, playback stopped
[2026-05-16 18:10:49] [32minfo[39m: Added to queue: Girl Voice Tutorial in PUBG&FREEFIRE (Saraiki Plays) #saraikiplays-s (requested by .subhan.exe, resolved: true)
[2026-05-16 18:10:50] [32minfo[39m: Playing from queue: Girl Voice Tutorial in PUBG&FREEFIRE (Saraiki Plays) #saraikiplays-s (https://www.youtube.com/watch?v=2EPutYKTIB8)
[2026-05-16 18:10:57] [32minfo[39m: Downloading Girl Voice Tutorial in PUBG&FREEFIRE (Saraiki Plays) #saraikiplays-s...
[2026-05-16 18:11:07] [32minfo[39m: Finished downloading Girl Voice Tutorial in PUBG&FREEFIRE (Saraiki Plays) #saraikiplays-s
[2026-05-16 18:12:39] [32minfo[39m: Stopped playing video and cleared queue.
[2026-05-16 18:12:39] [32minfo[39m: Queue cleared
[2026-05-16 18:12:39] [32minfo[39m: Queue cleared by stop command
[2026-05-16 18:12:39] [32minfo[39m: Failed playing: Girl Voice Tutorial in PUBG&FREEFIRE (Saraiki Plays) #saraikiplays-s
[2026-05-16 18:32:14] [32minfo[39m: Available videos:
JALWA_-_CARRYMINATI_X_WILY_FRENZY
pal pal
[2026-05-16 18:32:14] [32minfo[39m: Loaded 12 commands
[2026-05-16 18:32:14] [32minfo[39m: Local API Server is running on http://127.0.0.1:8080
[2026-05-16 18:32:17] [32minfo[39m: horneysaraiki is ready
[2026-05-16 18:34:50] [32minfo[39m: Added to queue: Afusic - Pal Pal with @Talwiinder (Official Visualiser) Prod.@AliSoomro (requested by API, resolved: true)
[2026-05-16 18:34:50] [32minfo[39m: API Action Success: Added to queue: `Afusic - Pal Pal with @Talwiinder (Official Visualiser) Prod.@AliSoomro`
[2026-05-16 18:34:50] [32minfo[39m: Playing from queue: Afusic - Pal Pal with @Talwiinder (Official Visualiser) Prod.@AliSoomro (https://www.youtube.com/watch?v=7pnerLIvUag)
[2026-05-16 18:34:57] [32minfo[39m: Downloading Afusic - Pal Pal with @Talwiinder (Official Visualiser) Prod.@AliSoomro...
[2026-05-16 18:35:07] [32minfo[39m: Finished downloading Afusic - Pal Pal with @Talwiinder (Official Visualiser) Prod.@AliSoomro
[2026-05-16 18:35:12] [32minfo[39m: API Playing: Afusic - Pal Pal with @Talwiinder (Official Visualiser) Prod.@AliSoomro
[2026-05-16 18:37:48] [32minfo[39m: Finished playing: Afusic - Pal Pal with @Talwiinder (Official Visualiser) Prod.@AliSoomro
[2026-05-16 18:37:48] [32minfo[39m: API Finished playing
[2026-05-16 18:37:48] [32minfo[39m: No more items in queue, playback stopped
[2026-05-16 18:45:42] [32minfo[39m: Available videos:
JALWA_-_CARRYMINATI_X_WILY_FRENZY
pal pal
[2026-05-16 18:45:42] [32minfo[39m: Dashboard Link: http://127.0.0.1:5000
[2026-05-16 18:45:42] [32minfo[39m: Loaded 12 commands
[2026-05-16 18:45:42] [32minfo[39m: Local API Server is running on http://127.0.0.1:8080
[2026-05-16 18:45:45] [32minfo[39m: Logged in as horneysaraiki
[2026-05-16 18:50:43] [32minfo[39m: Added to queue: pal pal (requested by .subhan.exe, resolved: true)
[2026-05-16 18:50:44] [32minfo[39m: Playing from queue: pal pal (videos\pal pal.mp4)
[2026-05-16 18:52:41] [32minfo[39m: Loop toggled to: true
[2026-05-16 18:53:15] [32minfo[39m: Stopped playing video and cleared queue.
[2026-05-16 18:53:15] [32minfo[39m: Queue cleared
[2026-05-16 18:53:15] [32minfo[39m: Queue cleared by stop command
[2026-05-16 18:53:15] [32minfo[39m: Failed playing: pal pal
